// Jest Snapshot v1, https://goo.gl/fbAQLP

exports[`renders homepage unchanged 1`] = `
<div>
  <div
    class="css-m4uc1f"
  >
    <span
      aria-label="upside down face"
      class="css-184wpat"
      role="img"
    >
      ðŸ™ƒ
    </span>
    <h1
      class="MuiTypography-root MuiTypography-h1 css-1vq31ir-MuiTypography-root"
    >
      <span
        class="notranslate"
      >
        404:
      </span>
       
      <span
        class="i18n-msg"
      >
        not found
      </span>
    </h1>
    <div>
      <span
        class="i18n-msg"
      >
        i'm sorry, dave. i'm afraid i can't do that.
      </span>
      <br />
      <span
        class="i18n-msg"
      >
        try going back to the 
        <a
          class="MuiTypography-root MuiTypography-inherit MuiLink-root MuiLink-underlineHover css-1h36a4r-MuiTypography-root-MuiLink-root"
          href="/"
        >
          beginning
        </a>
        .
      </span>
    </div>
  </div>
</div>
`;
